../Core/Src/main.c:64:6:send_command	16	static
../Core/Src/main.c:70:6:send_data	16	static
../Core/Src/main.c:76:6:send_char_bytes	32	static
../Core/Src/main.c:87:6:send_char	16	static
../Core/Src/main.c:91:6:send_greek_char	16	static
../Core/Src/main.c:100:5:main	24	static
../Core/Src/main.c:256:6:SystemClock_Config	88	static
../Core/Src/main.c:297:13:MX_SPI1_Init	8	static
../Core/Src/main.c:337:13:MX_USART2_UART_Init	8	static
../Core/Src/main.c:385:13:MX_GPIO_Init	56	static
../Core/Src/main.c:439:6:Error_Handler	8	static,ignoring_inline_asm
